../Core/Src/main.c:111:13:fb_write	24	static
../Core/Src/main.c:147:17:servo_angle_to_pulse	24	static
../Core/Src/main.c:155:13:update_servos	24	static
../Core/Src/main.c:163:21:float_to_uint	32	static
../Core/Src/main.c:171:14:uint_to_float	32	static
../Core/Src/main.c:177:13:send_can_frame	16	static
../Core/Src/main.c:187:13:send_ak60_cmd	32	static
../Core/Src/main.c:214:13:send_ak70_cmd	40	static
../Core/Src/main.c:241:13:send_ak40_cmd	40	static
../Core/Src/main.c:268:13:send_ak70_enable	16	static
../Core/Src/main.c:290:13:send_ak60_set_origin	16	static
../Core/Src/main.c:304:13:send_ak70_set_origin	16	static
../Core/Src/main.c:325:13:unpack_ak60_reply	200	static
../Core/Src/main.c:349:13:unpack_ak70_reply	208	static
../Core/Src/main.c:373:13:unpack_ak40_reply	208	static
../Core/Src/main.c:397:6:HAL_CAN_RxFifo0MsgPendingCallback	104	static
../Core/Src/main.c:433:6:HAL_UART_RxCpltCallback	16	static
../Core/Src/main.c:443:13:do_e_stop	16	static
../Core/Src/main.c:460:6:HAL_GPIO_EXTI_Callback	16	static
../Core/Src/main.c:468:5:main	80	static
../Core/Src/main.c:683:6:SystemClock_Config	88	static
../Core/Src/main.c:712:13:MX_CAN1_Init	48	static
../Core/Src/main.c:741:13:MX_TIM2_Init	4	static,ignoring_inline_asm
../Core/Src/main.c:788:13:MX_USART2_UART_Init	8	static
../Core/Src/main.c:801:13:MX_GPIO_Init	48	static
../Core/Src/main.c:824:6:Error_Handler	4	static,ignoring_inline_asm
